[2026-03-30 17:45:14] Reusing existing inRank: EXP_DIR/output/queries.inRank (use --skip-rank to suppress this message)
[2026-03-30 17:45:14] === (1/28) ===
[2026-03-30 17:45:14] BEGIN QryEval: HW4-Exp-1.1a

-- task_1:ranker: inRankFile --


-- task_5:output: trec_eval --

Time:  0.9 secs
[2026-03-30 17:45:17] END QryEval: HW4-Exp-1.1a (ok)
[2026-03-30 17:45:17] === (2/28) ===
[2026-03-30 17:45:17] BEGIN QryEval: HW4-Exp-1.1b
[2026-03-30 17:48:53] WARN QryEval: HW4-Exp-1.1b (non-zero exit)
[2026-03-30 17:48:53] === (3/28) ===
[2026-03-30 17:48:53] BEGIN QryEval: HW4-Exp-1.1c
[2026-03-30 17:48:56] WARN QryEval: HW4-Exp-1.1c (non-zero exit)
[2026-03-30 17:48:56] === (4/28) ===
[2026-03-30 17:48:56] BEGIN QryEval: HW4-Exp-1.1d
[2026-03-30 17:48:56] WARN QryEval: HW4-Exp-1.1d (non-zero exit)
[2026-03-30 17:48:56] === (5/28) ===
[2026-03-30 17:48:56] BEGIN QryEval: HW4-Exp-1.2b
[2026-03-30 17:48:59] WARN QryEval: HW4-Exp-1.2b (non-zero exit)
[2026-03-30 17:48:59] === (6/28) ===
[2026-03-30 17:48:59] BEGIN QryEval: HW4-Exp-1.2c
[2026-03-30 17:48:59] WARN QryEval: HW4-Exp-1.2c (non-zero exit)
[2026-03-30 17:48:59] === (7/28) ===
[2026-03-30 17:48:59] BEGIN QryEval: HW4-Exp-1.2d
